[   0.0000] Liuxversion .15.0-58-generic (uildd@lcy1-md6401) (gccersion 74. (Ubnt 7.4-1ubunu1~1804.1))#64-Uuntu SMP Tue Aug 6 11:12:41 UC 2019 (Ubuntu 4.15.0-58.64-generic 4.15.18)
[    0.000000] Command line: BOOT_IMAGE=/boot/vmlinuz-4.15.0-58-generic root=UUID=2b6dbcc6-42e2-4970-b42b-aa001d6700d5 r console=tty1 console=ttyS0
[    0.000000] KERNEL supported cpus:
[    0.000000]  Intel GnuneInte
[    0.000000]   AMD AuthenticAMD
[    0.000000]   Centaur CentarHuls
[    000000]x8/fpu:Supporting XSAVE feature 0x01: '7 floatig oint regisers'
    0.000000] x86pu: Suppoing XSE fetue 0x02 'SSE regites'
[    0.0000] x8/fu: Sportg XSAVE feature 0x004: 'AVX registers'
[    0.000000] x86/fpu: xstate_offset[2]:  576, xstate_sizes[2]:  256
[    0.000000] x86/fpu: Enabled xstate features 0x7, context size is 832 bytes, using 'standard' format.
[    0.000000] e820: BIOS-provided physical RAM map:
[    0.00000] BIO-e820: [mem 00000000000000-x000000000009fbff] usable
[   0000000BIOS-e820:memm 0x000000000900-0x000000000009ffff] reserve
    0.000000] BIO-e20: em 0000000000f000-x00000000fff] reered
    0.00000] BIOS-e80: [mem 0x0000000000100000-0x000000003ffeffff] usable
[    0.000000] IOS-e820: [mem 0x000000003fff0000-0x000000003ffffffff] ACPI data
[    0.000000] BIOS-e820: [mem 0x00000000fec00000-0x00000000fec00fff] reserved
[    0.00000] BIOS-e820: [mem 0x00000000fee00000-0x00000000fee00fff] resered
[   0.00000]IOS-e820 [mem 00000000fffc0000-0x0000000ffffffff] reseved
[  0.0000] N (xecue Dsabl) rotetion: ative
[    .00000] SMBIO2.5 presnt.
[    .00000] DM: innotek GmbH VirtalBox/VirtualBox,IOS VtualBox 12/01/2006
[    0.000000] Hypervisor detected: KVM
[    0.000000] e820: last_pfn = 0x3fff0 max_arch_pfn = 0x400000000
[    0.000000] MTRR: Disabled
[    0.000000] x86/PAT: MTRRs disabled, skipping PAT initialization too.
[    0.000000] CPU MTRRs all blank - virtualized system.
[    0.000000] x86/AT Confiuration [0-7]: WB  WT  UC- UC  WB  WT  UC- UC  
[    0000000 foud MP MP-abe at [mem0x009fff0-x0009fff] maed a [      (prval]
[  0.000000 Scaing 1 areas for low memory corruptin
[  0.000000] RAMDISK: [em0x3598500-0xcb9ff]
[    0.000000] ACPI: Early table checsum verification disabled
[    0.000000] ACPI: RSDP 0x00000000000E0000 000024 (v02 VBOX  )
[    0.000000] ACPI: XSDT 0x000000003FFF0030 00003C (v01 VBOX   VBOXXSDT 00000001 ASL  00000061)
[    0.000000]  ACPI: FACP 0x000000003FFF00F0 0000F4 (v04 VBOX   VBOXFACP 00000001 ASL  00000061)
[    0.000000] ACPI: DSDT 0x000000003FFF0470 0021FF (v02 VBOX   VBOXBIOS 00000002 INTL 20100528)
[    0.000000] ACPI: FACS 0x000000003FFF0200 000040
[    0.000000] ACPI: FACS 0x000000003FFF0200 000040
[    0.000000] ACP: APIC 0x000000003FFF02400005C v0 VBOX   VBXAIC 000001 ASL  000001)
   0.00000 ACP: SDT 0x000000003FFF0A0 0001C (v01 VBOX  VBOXCPUT 00000002 INTL 20100528)[    0.00000]No NA cofiuratio fund
[    0.00000] Faking a node at [mem 0x0000000000000000-0x000003ffeffff
[    0.000000] ODE_DATA(0) allocated [mem 0x3ffc5000-0x3ffeffff]
[    0.000000] kvm-clock: cpu 0, msr 0:3ff44001, primary cpu clock
[    0.000000] kvm-clock: Using msrs 4b564d01 and 4b564d00
[    0.000000] kvm-clock: using sched offset of 4761641071 cycles
[    0.000000] clocksource: kvm-clock: mask: 0xffffffffffffffff max_cycles: 0x1cd42e4dffb, max_idle_ns: 881590591483 s
[   0.0000] on rangs:
[   0.000000  DMA      [mem0x00000000001000-0x0000000000ffffff]
    0.00000]  DM32    [mem0x0000000010000-0x0000003fffff]
[  0.0000]   Noral  empty[   .000000]  Device   empty
[    0.000000] Movable zone start for each node
[    0.000000] Early memory node ranges
[    0.000000]   node   0: [mem 0x0000000000001000-0x000000000009efff]
[    0.000000]   node   0: [mem 0x0000000000100000-0x000000003ffeffff]
[    0.000000] Reserved but unavailable: 98 pages
[    0.000000] Initmem setup node 0 [mem 0x0000000000001000-0x000000003ffeffff]
[    0.000000] ACPI: PM-Timer IO Port: 0x4008
[    0.000000] IOAPIC[0]: apic_id 2, version 32, address 0xfec00000, GSI 0-23
[    0.000000] ACPI: INT_SRC_OVR (bus 0 bus_irq 0 global_irq 2 dfl dfl)
[    0.000000] ACPI: INT_SRC_OVR (bus 0 bus_irq 9 global_irq 9 low level)
[    0.000000] Using ACPI (MADT) for SMP configuration information
[    0.000000] smpboot: Allowing 2 CPUs, 0 hotplug CPUs
[    0.000000] PM: Registered nosave memory: [mem 0x00000000-0x00000fff]
[    0.000000] PM: Registered noave memory: [mem 0x0009f000x0009ff]
[   .000000]PM: egstered save memry [me 0000a000-x000fff]
[    000000] PM: Registerednosave mery: mem 0x000f000-0x0fffff]
[   0.00000]e820: [mem 0x40000000-0febfffff] availale for PCI devices
[    0.000000] Booting paravirtualized kernel on KVM
[    0.000000] clocksource: refined-jiffies: mask: 0xffffffff max_cycles: 0xffffffff, max_idle_ns: 7645519600211568 ns
[    0.000000] random: get_random_bytes called from start_kernel+0x99/0x4fd with crng_init=0
[    0.000000] setup_percpu: NR_CPUS:8192 nr_cpumask_bits:2 nr_cpu_ids:2 nr_node_ids:1
[    0.000000] percpu: Embedded 46 pages/cpu @        (ptrval) s151552 r8192 d28672 u1048576
[    0.000000] PV qspinlock hash table entries: 256 (order: 0, 4096 bytes)
[    0.0000] Bil 1 zonelist mobility gupinon.  Tta pages: 257913[    000000] Pliy zone DA32
   0.0000] Kerelcommad line:BOT_IMAGE=/bot/mlinuz-4.15.0-58-genic roo=UID=2b6dcc-42e2-4970-b2b-aa001d6700d5 ro console=tty1 console=ttyS0
[    0.000000] Memory: 982928K/1048120K available (12300K kernel code, 2478K rwdata, 4280K rodata, 2424K init, 2384K bss, 65192K reerved, 0K cma-resserved)
[    0.000000] SLUB: HWalign=64, Order=0-3, MObjes=0, CUs2, Nods=
[    0.00000]Kernl/ser ag tale isolaon: enabled
[   0.0000] ftace: allocing 243 trie i 154ages
[    .00400 Hierarical RCU implementation.
[    0.004000] 	RCU restricting CPUs from NR_CPUSS=819 to nr_cpu_ids=2.
[    0.004000] 	Tasks RCU enabled.
[    0.004000] RCU: Adjstin geometry for rcu_fanout_leaf=16, nr_cpu_ids=2
[    0.004000] NR_IRQS: 524544, nr_irqs: 440, prellocated irqs: 16
[    0.004000] Console: colour VGA+ 80x25
[    0.004000] console [tty1] enabled
[    0.004000] console [ttyS0] enabled
[    0.004000] ACPI: Core revision 20170831
[    0.004000] ACPI: 2 ACPI L tables sccssfull aquired and lded[    0.004000] APIC: Switch to symmetric I/O mode setup
[    0.004253] x2apic enabled
[    0.008007] Switched APIC routing to physical x2apic.
[    0.016564] ..TIMER: vector=0x30 apic1=0 pin1=2 apic2=-1 pin2=-1
[    0.020008] tsc: Detected 2904.000 MHz processor
[    0.024012] Calibrating delay loop (skipped) preset value.. 5808.00 BogoMIPS (lpj=11616000)
[    0.028008] pid_max: default: 32768 minimum: 301
[    0.032041] Security Framework initialized
[    0.036008] Yama: becoming mindful.
[    0.040035] AppArmor: AppArmor initialized
[    0.045587] Dentry cache hash table entries: 131072 (order: 8, 1048576 bytes)
[    0.048072] Inode-cache hash table entries: 65536 (order: 7, 524288 bytes)
[    0.050050] Mount-cache hash table entries: 2048 (order: 2, 16384 bytes)
[    0.052017] Mountpoint-cache hash table entries: 2048 (order: 2, 16384 bytes)
[    0.056294] mce: CPU supports 0 MCE banks
[    0.057471] Last level iTLB entries: 4KB 64, 2MB 8, 4MB 8
[    0.060003] Last level dTLB entries: 4KB 64, 2MB 0, 4MB 0, 1GB 4
[    0.061904] Spectre V1 : Mitigation: usercopy/swapgs barriers and __user pointer sanitization
[    0.064008] Spectre V2 : Mitigation: Full generic retpoline
[    0.068005] Spectre V2 : Spectre v2 / SpectreRSB mitigation: Filling RSB on context switch
[    0.070464] Speculative Store Bypass: Vulnerable
[    0.072049] MDS: Vulnerable: Clear CPU buffers attempted, no microcode
[    0.074180] Freeing SMP alternatives memory: 36K
[    0.080000] smpboot: CPU0: Intel(R) Core(TM) i7-7820HQ CPU @ 2.90GHz (family: 0x6, model: 0x9e, stepping: 0x9)
[    0.080085] Performance Events: unsupported p6 CPU model 158 no PMU driver, software events only.
[    0.084056] Hierarchical SRCU implementation.
[    0.088527] NMI watchdog: Perf event create on CPU 0 failed with -2
[    0.092006] NMI watchdog: Perf NMI watchdog permanently disabled
[    0.096069] smp: Bringing up secondary CPUs ...
[    0.104055] x86: Booting SMP configuration:
[    0.108007] .... node  #0, CPUs:      #1
[    0.004000] kvm-clock: cpu 1, msr 0:3ff44041, secondary cpu clock
[    0.004000] mce: CPU supports 0 MCE banks
[    0.264023] smp: Brought up 1 node, 2 CPUs
[    0.268010] smpboot: Max logical packages: 1
[    0.272009] smpboot: Total of 2 processors activated (11616.00 BogoMIPS)
[    0.280279] devtmpfs: initialized
[    0.284068] x86/mm: Memory block size: 128MB
[    0.288236] evm: security.selinux
[    0.289257] evm: security.SMACK64
[    0.290397] evm: security.SMACK64EXEC
[    0.292011] evm: security.SMACK64TRANSMUTE
[    0.293177] evm: security.SMACK64MMAP
[    0.294369] evm: security.apparmor
[    0.296004] evm: security.ima
[    0.296845] evm: security.capability
[    0.298078] clocksource: jiffies: mask: 0xffffffff max_cycles: 0xffffffff, max_idle_ns: 7645041785100000 ns
[    0.300018] futex hash table entries: 512 (order: 3, 32768 bytes)
[    0.302345] pinctrl core: initialized pinctrl subsystem
[    0.308021] RTC time:  7:15:35, date: 08/25/19
[    0.311007] NET: Registered protocol family 16
[    0.312074] audit: initializing netlink subsys (disabled)
[    0.313622] audit: type=2000 audit(1566717329.535:1): state=initialized audit_enabled=0 res=1
[    0.316008] cpuidle: using governor ladder
[    0.316955] cpuidle: using governor menu
[    0.320054] ACPI: bus type PCI registered
[    0.324006] acpiphp: ACPI Hot Plug PCI Controller Driver version: 0.5
[    0.328131] PCI: Using configuration type 1 for base access
[    0.336040] HugeTLB registered 2.00 MiB page size, pre-allocated 0 pages
[    0.340079] ACPI: Added _OSI(Module Device)
[    0.344014] ACPI: Added _OSI(Processor Device)
[    0.348014] ACPI: Added _OSI(3.0 _SCP Extensions)
[    0.352007] ACPI: Added _OSI(Processor Aggregator Device)
[    0.356008] ACPI: Added _OSI(Linux-Dell-Video)
[    0.360008] ACPI: Added _OSI(Linux-Lenovo-NV-HDMI-Audio)
[    0.364008] ACPI: Added _OSI(Linux-HPI-Hybrid-Graphics)
[    0.368427] ACPI: Executed 1 blocks of module-level executable AML code
[    0.376405] ACPI: Interpreter enabled
[    0.380027] ACPI: (supports S0 S5)
[    0.384007] ACPI: Using IOAPIC for interrupt routing
[    0.388394] PCI: Using host bridge windows from ACPI; if necessary, use "pci=nocrs" and report a bug
[    0.392317] ACPI: Enabled 2 GPEs in block 00 to 07
[    0.403916] ACPI: PCI Root Bridge [PCI0] (domain 0000 [bus 00-ff])
[    0.404010] acpi PNP0A03:00: _OSC: OS supports [ASPM ClockPM Segments MSI]
[    0.408045] acpi PNP0A03:00: _OSC: not requesting OS control; OS requires [ExtendedConfig ASPM ClockPM MSI]
[    0.412025] acpi PNP0A03:00: fail to add MMCONFIG information, can't access extended PCI configuration space under this bridge.
[    0.415681] PCI host bridge to bus 0000:00
[    0.416005] pci_bus 0000:00: root bus resource [io  0x0000-0x0cf7 window]
[    0.417995] pci_bus 0000:00: root bus resource [io  0x0d00-0xffff window]
[    0.420008] pci_bus 0000:00: root bus resource [mem 0x000a0000-0x000bffff window]
[    0.424009] pci_bus 0000:00: root bus resource [mem 0x40000000-0xfdffffff window]
[    0.428005] pci_bus 0000:00: root bus resource [bus 00-ff]
[    0.433558] pci 0000:00:01.1: legacy IDE quirk: reg 0x10: [io  0x01f0-0x01f7]
[    0.436009] pci 0000:00:01.1: legacy IDE quirk: reg 0x14: [io  0x03f6]
[    0.440025] pci 0000:00:01.1: legacy IDE quirk: reg 0x18: [io  0x0170-0x0177]
[    0.444009] pci 0000:00:01.1: legacy IDE quirk: reg 0x1c: [io  0x0376]
[    0.465192] pci 0000:00:07.0: quirk: [io  0x4000-0x403f] claimed by PIIX4 ACPI
[    0.468033] pci 0000:00:07.0: quirk: [io  0x4100-0x410f] claimed by PIIX4 SMB
[    0.484672] ACPI: PCI Interrupt Link [LNKA] (IRQs 5 9 10 *11)
[    0.488333] ACPI: PCI Interrupt Link [LNKB] (IRQs 5 9 *10 11)
[    0.492166] ACPI: PCI Interrupt Link [LNKC] (IRQs 5 *9 10 11)
[    0.496203] ACPI: PCI Interrupt Link [LNKD] (IRQs 5 9 10 *11)
[    0.500418] SCSI subsystem initialized
[    0.504087] pci 0000:00:02.0: vgaarb: setting as boot VGA device
[    0.508000] pci 0000:00:02.0: vgaarb: VGA device added: decodes=io+mem,owns=io+mem,locks=none
[    0.508013] pci 0000:00:02.0: vgaarb: bridge control possible
[    0.512004] vgaarb: loaded
[    0.512725] ACPI: bus type USB registered
[    0.513668] usbcore: registered new interface driver usbfs
[    0.514995] usbcore: registered new interface driver hub
[    0.516049] usbcore: registered new device driver usb
[    0.520088] EDAC MC: Ver: 3.0.0
[    0.524594] PCI: Using ACPI for IRQ routing
[    0.528425] NetLabel: Initializing
[    0.532007] NetLabel:  domain hash size = 128
[    0.536003] NetLabel:  protocols = UNLABELED CIPSOv4 CALIPSO
[    0.537816] NetLabel:  unlabeled traffic allowed by default
[    0.540142] clocksource: Switched to clocksource kvm-clock
[    0.555771] VFS: Disk quotas dquot_6.6.0
[    0.557066] VFS: Dquot-cache hash table entries: 512 (order 0, 409 bes)
[  063004] Apprmor: ApArr lest Ebl
[    1.092745] pn: PnAC it  1.52] p: nPACPI: found 3 devce

[    1.5106 cloksoue: cppmma: 0xffffff max_cycles: 0xffffff, max_idle_ns: 2085701024 ns

[    1.980154] NET: Registered protocol family 2
[    1.983355] TCP established hash table entries: 8192 (order: 4, 65536 bytes)
[    1.985628] TCP bind hash table entries: 8192 (order: 5, 131072 bytes)
[    1.987641] TCP: Hash tables configured (established 8192 bind 8192)
[    1.989673] UDP hash table entries: 512 (order: 2, 16384 bytes)
[    1.991518] UDP-Lite hash table entries: 512 (order: 2, 16384 bytes)
[    1.993654] NET: Registered protocol family 1
[    1.994880] pci 0000:00:00.0: Limiting direct PCI/PCI transfers
[    1.996218] pci 0000:00:01.0: Activating ISA DMA hang workarounds
[    1.997874] pci 0000:00:02.0: Video device with shadowed ROM at [mem 0x000c0000-0x000dffff]
[    1.981 Uacngintramfs...

[    2.551848] Freeing initrd memory: 19668K
[    2.609112] clocksource: tsc: mask: 0xffffffffffffffff max_cycles: 0x29dc05e54fc, max_idle_ns: 440795291716 ns
[    2.614407] platform rtc_cmos: registered platform RTC device (no PNP device found)
[    2.616094] Scanning for low memory corruption every 60 seconds
[    2.617961] Initialise system trusted keyrings
[    2.619052] Key type blacklist registered
[    2.660726] workingset: timestamp_bits=36 max_order=18 bucket_order=0
[    2.709365] zbud: loaded
[    2.724158] squashfs: version 4.0 (2009/01/31) Phillip Lougher
[    2.729396] fuse init (API version 7.26)
[    2.743152] Key type asymmetric registered
[    2.744647] Asymmetric key parser 'x509' registered
[    2.748011] Block layer SCSI generic (bsg) driver version 0.4 loaded (major 246)
[    2.756932] io scheduler noop registered
[    2.758364] io scheduler deadline registered
[    2.759710] io scheduler cfq registered (default)
[    2.766006] ACPI: AC Adapter [AC] (on-line)
[    2.767679] input: Power Button as /devices/LNXSYSTM:00/LNXPWRBN:00/input/input0
[    2.772413] ACPI: Power Button [PWRF]
[    2.773958] input: Sleep Button as /devices/LNXSYSTM:00/LNXSLPBN:00/input/input1
[    2.812361] ACPI: Sleep Button [SLPF]
[    2.917704] Serial: 8250/16550 driver, 32 ports, IRQ sharing enabled
[    2.919341] ACPI:atrylo[BAT0]baerpren
 [    3.437133] 00:02: ttyS0 at I/O 0x3f8 (irq = 4, base_baud = 115200) is a 16550A
[    3.579240] Linux agpgart interface v0.103
[    3.663300] loop: module loaded
[    3.738164] scsi host0: ata_piix
[    3.775734] scsi host1: ata_piix
[    3.807819] ata1: PATA max UDMA/33 cmd 0x1f0 ctl 0x3f6 bmdma 0xd000 irq 14
[    3.825167] ata2: PATA max UDMA/33 cmd 0x170 ctl 0x376 bmdma 0xd008 irq 15
[    3.828952] libphy: Fixed MDIO Bus: probed
[    3.830237] tun: Universal TUN/TAP device driver, 1.6
[    3.831841] PPP generic driver version 2.4.2
[    3.834459] ehci_hcd: USB 2.0 'Enhanced' Host Controller (EHCI) Driver
[    3.836241] ehci-pci: EHCI PCI platform driver
[    3.839077] ehci-platform: EHCI generic platform driver
[    3.840736] ohci_hcd: USB 1.1 'Open' Host Controller (OHCI) Driver
[    3.842797] ohci-pci: OHCI PCI platform driver
[    3.845425] ohci-platform: OHCI generic platform driver
[    3.846925] uhci_hcd: USB Universal Host Controller Interface driver
[    3.848822] i8042: PNP: PS/2 Controller [PNP0303:PS2K,PNP0f03:PS2M] at 0x60,0x64 irq 1,12
[    3.851491] serio: i8042 KBD port at 0x60,0x64 irq 1
[    3.853099] serio: i8042 AUX port at 0x60,0x64 irq 12
[    3.854565] mousedev: PS/2 mouse device common for all mice
[    3.856308] input: AT Translated Set 2 keyboard as /devices/platform/i8042/serio0/input/input2
[    3.862620] rtc_cmos rtc_cmos: rtc core: registered rtc_cmos as rtc0
[    3.864684] rtc_cmos rtc_cmos: alarms up to one day, 114 bytes nvram
[    3.866347] i2c /dev entries driver
[    3.867587] device-mapper: uevent: version 1.0.3
[    3.869763] device-mapper: ioctl: 4.37.0-ioctl (2017-09-20) initialised: dm-devel@redhat.com
[    3.932894] ledtrig-cpu: registered to indicate activity on CPUs
[    4.053416] NET: Registered protocol family 10
[    4.143683] Segment Routing with IPv6
[    4.176091] NET: Registered protocol family 17
[    4.251276] Key type dns_resolver registered
[    4.308721] RAS: Correctable Errors collector initialized.
[    4.413036] sched_clock: Marking stable (4412996382, 0)->(18896826948, -14483830566)
[    4.609931] registered taskstats version 1
[    4.697884] Loading compiled-in X.509 certificates
[    4.789807] Loaded X.509 cert 'Build time autogenerated kernel key: e343dd3e31c9820cf0adf0156bc2eecdcfc394af'
[    4.914822] zswap: loaded using pool lzo/zbud
[    4.922368] Key type big_key registered
[    4.923627] Key type trusted registered
[    4.927216] Key type encrypted registered
[    4.928550] AppArmor: AppArmor sha1 policy hashing enabled
[    4.939298] ima: No TPM chip found, activating TPM-bypass! (rc=-19)
[    4.941781] ima: Allocated hash algorithm: sha1
[    4.943591] evm: HMAC attrs: 0x1
[    4.946768]   Magic number: 15:351:269
[    4.947980] rtc_cmos rtc_cmos: setting system clock to 2019-08-25 07:15:42 UTC (1566717342)
[    4.950537] BIOS EDD facility v0.16 2004-Jun-25, 0 devices found
[    4.952223] EDD information not available.
[    4.955702] Freeing unused kernel image memory: 2424K
[    4.973012] Write protecting the kernel read-only data: 20480k
[    5.118192] Freeing unused kernel image memory: 2008K
[    5.228161] Freeing unused kernel image memory: 1864K
[    5.368038] x86/mm: Checked W+X mappings: passed, no W+X pages found.
[    5.518929] x86/mm: Checking user space page tables
[    5.613841] x86/mm: Checked W+X mappings: passed, no W+X pages found.
Loading, please wait...
starting version 237
[    5.819987] e1000: Intel(R) PRO/1000 Network Driver - version 7.3.21-k8-NAPI
[    5.908375] e1000: Copyright (c) 1999-2006 Intel Corporation.
[    6.001750] Fusion MPT base driver 3.04.20
[    6.021262] Copyright (c) 1999-2008 LSI Corporation
[    6.027346] AVX2 version of gcm_enc/dec engaged.
[    6.029130] AES CTR mode by8 optimization enabled
[    6.042646] Fusion MPT SPI Host driver 3.04.20
[    6.235955] input: ImExPS/2 Generic Explorer Mouse as /devices/platform/i8042/serio1/input/input4
[    6.432370] e1000 0000:00:03.0 eth0: (PCI:33MHz:32-bit) 02:8d:8f:70:9f:84
[    7.344088] e1000 0000:00:03.0 eth0: Intel(R) PRO/1000 Network Connection
[    7.448776] mptbase: ioc0: Initiating bringup
[    7.798212] ioc0: LSI53C1030 A0: Capabilities={Initiator}
[    9.260325] scsi host2: ioc0: LSI53C1030 A0, FwRev=00000000h, Ports=1, MaxQ=256, IRQ=20
[   10.350766] scsi 2:0:0:0: Direct-Access     VBOX     HARDDISK         1.0  PQ: 0 ANSI: 5
[   10.727878] scsi target2:0:0: Beginning Domain Validation
[   10.766093] e1000 0000:00:08.0 eth1: (PCI:33MHz:32-bit) 08:00:27:9d:b1:85
[   10.796269] scsi target2:0:0: Domain Validation skipping write tests
[   10.826304] e1000 0000:00:08.0 eth1: Intel(R) PRO/1000 Network Connection
[   11.068224] scsi target2:0:0: Ending Domain Validation
[   11.068986] e1000 0000:00:08.0 enp0s8: renamed from eth1
[   11.140198] scsi target2:0:0: asynchronous
[   11.285534] scsi 2:0:1:0: Direct-Access     VBOX     HARDDISK         1.0  PQ: 0 ANSI: 5
[   11.389865] e1000 0000:00:03.0 enp0s3: renamed from eth0
[   11.432116] scsi target2:0:1: Beginning Domain Validation
[   11.435345] random: fast init done
[   11.438205] scsi target2:0:1: Domain Validation skipping write tests
[   11.441684] scsi target2:0:1: Ending Domain Validation
[   11.443622] scsi target2:0:1: asynchronous
[   11.451084] sd 2:0:0:0: Attached scsi generic sg0 type 0
[   11.451088] random: systemd-udevd: uninitialized urandom read (16 bytes read)
[   11.453120] sd 2:0:1:0: Attached scsi generic sg1 type 0
[   11.459409] random: systemd-udevd: uninitialized urandom read (16 bytes read)
[   11.477256] random: systemd-udevd: uninitialized urandom read (16 bytes read)
[   11.487882] sd 2:0:0:0: [sda] 20971520 512-byte logical blocks: (10.7 GB/10.0 GiB)
[   11.487912] sd 2:0:1:0: [sdb] 20480 512-byte logical blocks: (10.5 MB/10.0 MiB)
[   11.496194] sd 2:0:0:0: [sda] Write Protect is off
[   11.496256] sd 2:0:1:0: [sdb] Write Protect is off
[   11.499545] sd 2:0:0:0: [sda] Incomplete mode parameter data
[   11.505954] sd 2:0:0:0: [sda] Assuming drive cache: write through
[   11.507714]  sda: sda1
[   11.509808] sd 2:0:1:0: [sdb] Incomplete mode parameter data
[   11.510748] sd 2:0:0:0: [sda] Attached SCSI disk
[   11.513374] sd 2:0:1:0: [sdb] Assuming drive cache: write through
[   11.528600] sd 2:0:1:0: [sdb] Attached SCSI disk
Begin: Loading essential drivers ... [   12.948346] raid6: sse2x1   gen() 11972 MB/s
[   13.048581] raid6: sse2x1   xor()  8331 MB/s
[   13.140009] raid6: sse2x2   gen() 14361 MB/s
[   13.236026] raid6: sse2x2   xor()  9877 MB/s
[   13.348315] raid6: sse2x4   gen() 16930 MB/s
[   13.468254] raid6: sse2x4   xor()  9926 MB/s
[   13.588027] raid6: avx2x1   gen() 23698 MB/s
[   13.724095] raid6: avx2x1   xor() 13992 MB/s
[   13.772189] raid6: avx2x2   gen() 27620 MB/s
[   13.876186] raid6: avx2x2   xor() 18705 MB/s
[   13.992283] raid6: avx2x4   gen() 33012 MB/s
[   14.056344] raid6: avx2x4   xor() 20215 MB/s
[   14.136674] raid6: using algorithm avx2x4 gen() 33012 MB/s
[   14.189044] raid6: .... xor() 20215 MB/s, rmw enabled
[   14.190170] raid6: using avx2x2 recovery algorithm
[   14.192957] xor: automatically using best checksumming function   avx       
[   14.311220] async_tx: api initialized (async)
done.
Begin: Running /scripts/init-premount ... done[   14.426755] Btrfs loaded, crc32c=crc32c-intel
.
Begin: Mounting root file system ... Begin: Running /scripts/local-top ... done.
Begin: Running /scripts/local-premount ... Scanning for Btrfs filesystems
done.
Warning: fsck no[   14.564010] EXT4-fs (sda1): INFO: recovery required on readonly filesystem
t present, so sk[   14.679821] EXT4-fs (sda1): write access will be enabled during recovery
ipping root file system
[   14.909143] EXT4-fs (sda1): orphan cleanup on readonly fs
[   15.043782] EXT4-fs (sda1): 1 orphan inode deleted
[   15.078164] EXT4-fs (sda1): recovery complete
[   15.141969] EXT4-fs (sda1): mounted filesystem with ordered data mode. Opts: (null)
done.
Begin: Running /scripts/local-bottom ... done.
Begin: Running /scripts/init-bottom ... done.
[   15.357399] ip_tables: (C) 2000-2006 Netfilter Core Team
[   15.393774] systemd[1]: systemd 237 running in system mode. (+PAM +AUDIT +SELINUX +IMA +APPARMOR +SMACK +SYSVINIT +UTMP +LIBCRYPTSETUP +GCRYPT +GNUTLS +ACL +XZ +LZ4 +SECCOMP +BLKID +ELFUTILS +KMOD -IDN2 +IDN -PCRE2 default-hierarchy=hybrid)
[   17.009643] systemd[1]: Detected virtualization oracle.
[   17.013041] systemd[1]: Detected architecture x86-64.

Welcome to [1mUbuntu 18.04.2 LTS[0m!

[   17.032518] systemd[1]: Set hostname to <ubuntu-bionic>.
[   17.262020] systemd[1]: Reached target User and Group Name Lookups.
[[0;32m  OK  [0m] Reached target User and Group Name Lookups.
[   17.267064] systemd[1]: Created slice User and Session Slice.
[[0;32m  OK  [0m] Created slice User and Session Slice.
[   17.302004] systemd[1]: Set up automount Arbitrary Executable File Formats File System Automount Point.
[[0;32m  OK  [0m] Set up automount Arbitrary Executabâ€¦rmats File System Automount Point.
[   18.944740] systemd[1]: Reached target System Time Synchronized.
[[0;32m  OK  [0m] Reached target System Time Synchronized.
[   20.286384] systemd[1]: Created slice System Slice.
[[0;32m  OK  [0m] Created slice System Slice.
[   20.291510] systemd[1]: Listening on Network Service Netlink Socket.
[[0;32m  OK  [0m] Listening on Network Service Netlink Socket.
[   21.298084] systemd[1]: Reached target Slices.
[[0;32m  OK  [0m] Reached target Slices.
[   22.772645] systemd[1]: Listening on LVM2 metadata daemon socket.
[[0;32m  OK  [0m] Listening on LVM2 metadata daemon socket.
[   24.265378] systemd[1]: Listening on udev Kernel Socket.
[[0;32m  OK  [0m] Listening on udev Kernel Socket.
[   24.656615] systemd[1]: Listening on /dev/initctl Compatibility Named Pipe.
[[0;32m  OK  [0m] Listening on /dev/initctl Compatibility Named Pipe.
[   25.701063] systemd[1]: Created slice system-serial\x2dgetty.slice.
[[0;32m  OK  [0m] Created slice system-serial\x2dgetty.slice.
[   26.747581] systemd[1]: Listening on Journal Socket.
[[0;32m  OK  [0m] Listening on Journal Socket.
[   26.758666] systemd[1]: Starting Load Kernel Modules...
         Starting Load Kernel Modules...
[   26.774596] Loading iSCSI transport class v2.0-870.
[   26.775037] systemd[1]: Starting Set the console keyboard layout...
[   26.843068] random: crng init done
[   26.844068] random: 7 urandom warning(s) missed due to ratelimiting
         Starting Set the console keyboard layout...
[   26.856789] systemd[1]: Starting Remount Root and Kernel File Systems...
         Starting Remount Root and Kernel File Systems...
[   26.863721] systemd[1]: Starting Create list of required static device nodes for the current kernel...
         Starting Create list of required stâ€¦ce nodes for the current kernel...
[   26.875867] systemd[1]: Listening on LVM2 poll daemon socket.
[[0;32m  OK  [[   26.882337] iscsi: registered transport (tcp)
0m] Listening on LVM2 poll daemon socket.
[   26.885215] systemd[1]: Listening on Journal Socket (/dev/log).
[[0;32m  OK  [0m] Listening on Journal Socket (/dev/log).
[   26.890565] systemd[1]: Listening on Device-mapper event daemon FIFOs.
[[0;32m  OK  [0m] Listening on Device-mapper event daemon FIFOs.
[   26.896027] systemd[1]: Starting Monitoring of LVM2 mirrors, snapshots etc. using dmeventd or progress polling...
         Starting Monitoring of LVM2 mirrorsâ€¦n[   26.917909] EXT4-fs (sda1): re-mounted. Opts: (null)
g dmeventd or progress polling...
[   27.025945] systemd[1]: Starting Uncomplicated firewall...
         Starting Uncomplicated firewall...
[[0;32m  OK  [0m] Listening on udev Control Socket.
         Startin[   27.052785] iscsi: registered transport (iser)
g udev Coldplug all Devices...
         Mounting Huge Pages File System...
[[0;32m  OK  [0m] Reached target Swap.
         Mounting POSIX Message Queue File System...
[[0;32m  OK  [0m] Started Forward Password Requests to Wall Directory Watch.
[[0;32m  OK  [0m] Listening on Syslog Socket.
         Mounting Kernel Debug File System...
[[0;32m  OK  [0m] Listening on Journal Audit Socket.
         Starting Journal Service...
[[0;32m  OK  [0m] Started Journal Service.
[[0;32m  OK  [0m] Started Load Kernel Modules.
[[0;32m  OK  [0m] Started Set the console keyboard layout.
[[0;32m  OK  [0m] Started Remount Root and Kernel File Systems.
[[0;32m  OK  [0m] Started Create list of required staâ€¦vice nodes for the current kernel.
[[0;32m  OK  [0m] Started Uncomplicated firewall.
[[0;32m  OK  [0m] Mounted Huge Pages File System.
[[0;32m  OK  [0m] Mounted POSIX Message Queue File System.
[[0;32m  OK  [0m] Mounted Kernel Debug File System.
[[0;32m  OK  [0m] Started udev Coldplug all Devices.
[[0;32m  OK  [0m] Started LVM2 metadata daemon.
         Starting Create Static Device Nodes in /dev...
         Starting Load/Save Random Seed...
         Mounting FUSE Control File System...
         Starting Apply Kernel Variables...
         Mounting Kernel Configuration File System...
         Starting Flush Journal to Persistent Storage...
[[0;32m  OK  [0m] Started Monitoring of LVM2 mirrors,â€¦sing dmeventd or progress polling.
[[0;32m  OK  [0m] Started Create Static Device Nodes in /dev.
[[0;32m  OK  [0m] Started Load/Save Random Seed.
[[0;32m  OK  [0m] Mounted FUSE Control File System.
[[0;32m  OK  [0m] Started Apply Kernel Variables.
[[0;32m  OK  [0m] Mounted Kernel Configuration File System.
         Starting udev Kernel Device Manager...
[[0;32m  OK  [0m] Reached target Local File Systems (Pre).
[[0;32m  OK  [0m] Reached target Local File Systems.
         Starting Tell Plymouth To Write Out Runtime Data...
         Starting Set console font and keymap...
         Starting AppArmor initialization...
         Starting ebtables ruleset management...
[[0;32m  OK  [0m] Started udev Kernel Device Manager.
[[0;32m  OK  [0m] Started Tell Plymouth To Write Out Runtime Data.
[[0;32m  OK  [0m] Started Set console font and keymap.
[[0;32m  OK  [0m] Found device /dev/ttyS0.
[[0;32m  OK  [0m] Started ebtables ruleset management.
[[0;32m  OK  [0m] Listening on Load/Save RF Kill Switch Status /dev/rfkill Watch.
[[0;32m  OK  [0m] Started Dispatch Password Requests to Console Directory Watch.
[[0;32m  OK  [0m] Reached target Local Encrypted Volumes.
[[0;32m  OK  [0m] Started Flush Journal to Persistent Storage.
         Starting Create Volatile Files and Directories...
[[0;32m  OK  [0m] Started Create Volatile Files and Directories.
         Starting Update UTMP about System Boot/Shutdown...
[[0;32m  OK  [0m] Started Update UTMP about System Boot/Shutdown.
[[0;32m  OK  [0m] Started AppArmor initialization.
         Starting Initial cloud-init job (pre-networking)...
[   29.874827] cloud-init[570]: Cloud-init v. 19.1-1-gbaa47854-0ubuntu1~18.04.1 running 'init-local' at Sun, 25 Aug 2019 07:16:07 +0000. Up 29.68 seconds.
[[0;32m  OK  [0m] Started Initial cloud-init job (pre-networking).
[[0;32m  OK  [0m] Reached target Network (Pre).
         Starting Network Service...
[[0;32m  OK  [0m] Started Network Service.
         Starting Network Name Resolution...
         Starting Wait for Network to be Configured...
[[0;32m  OK  [0m] Started Network Name Resolution.
[[0;32m  OK  [0m] Reached target Host and Network Name Lookups.
[[0;32m  OK  [0m] Reached target Network.
[[0;32m  OK  [0m] Started Wait for Network to be Configured.
         Starting Initial cloud-init job (metadata service crawler)...
[   33.051198] cloud-init[674]: Cloud-init v. 19.1-1-gbaa47854-0ubuntu1~18.04.1 running 'init' at Sun, 25 Aug 2019 07:16:10 +0000. Up 32.91 seconds.
[   33.129910] cloud-init[674]: ci-info: ++++++++++++++++++++++++++++++++++++++Net device info+++++++++++++++++++++++++++++++++++++++
[   33.180270] cloud-init[674]: ci-info: +--------+------+-----------------------------+---------------+--------+-------------------+
[[0;32m  OK  [0m] Started Initial cloud-init job (metadata service crawler).
[[0;32m  OK  [0m] Reached target Cloud-config availability.
[[0;32m  OK  [0m] Reached target System Initialization.
[   33.267034] cloud-init[674]: ci-info: | Device |  Up  |           Address           |      Mask     | Scope  |     Hw-Address    |
[   33.704756] cloud-init[674]: ci-info: +--------+------+-----------------------------+---------------+--------+-------------------+
[   33.727959] cloud-init[674]: ci-info: | enp0s3 | True |          10.0.2.15          | 255.255.255.0 | global | 02:8d:8f:70:9f:84 |
[[0;32m  OK  [0m] Listening on D-Bus System Message Bus Socket.
[[0;32m  OK  [0m] Started Daily Cleanup of Temporary Directories.
[   33.732517] cloud-init[674]: ci-info: | enp0s3 | True |  fe80::8d:8fff:fe70:9f84/64 |       .       |  link  | 02:8d:8f:70:9f:84 |
[   33.740804] cloud-init[674]: ci-info: | enp0s8 | True |        192.168.33.10        | 255.255.255.0 | global | 08:00:27:9d:b1:85 |
[[0;32m  OK  [0m] Started ACPI Events Check.
         Starting Socket activation for snappy daemon.
[   33.748595] cloud-init[674]: ci-info: | enp0s8 | True | fe80::a00:27ff:fe9d:b185/64 |       .       |  link  | 08:00:27:9d:b1:85 |
[[0;32m  OK  [0m] Started Discard unused blocks once a week.
[[0;32m  OK  [0m] Started Daily apt download activities.
[[0;32m  OK  [0m] Started Daily apt upgrade and clean activities.
[   33.778888] cloud-init[674]: ci-info: |   lo   | True |          127.0.0.1          |   255.0.0.0   |  host  |         .         |
[   33.827220] cloud-init[674]: ci-info: |   lo   | True |           ::1/128           |       .       |  host  |         .         |
         Starting LXD - unix socket.
[[0;32m  OK  [0m] Reached target Paths.
[   33.832362] cloud-init[674]: ci-info: +--------+------+-----------------------------+---------------+--------+-------------------+
[[   33.845247] cloud-init[674]: ci-info: +++++++++++++++++++++++++++++Route IPv4 info+++++++++++++++++++++++++++++
[   33.845482] cloud-init[674]: ci-info: +-------+--------------+----------+-----------------+-----------+-------+
[0;32m  OK  [0m] Listening on ACPID Listen Socket.
[   33.845836] cloud-init[674]: ci-info: | Route | Destination  | Gateway  |     Genmask     | Interface | Flags |
[   33.859117] cloud-init[674]: ci-info: +-------+--------------+----------+-----------------+-----------+-------+
[   33.859330] cloud-init[674]: ci-info: |   0   |   0.0.0.0    | 10.0.2.2 |     0.0.0.0     |   enp0s3  |   UG  |
[   33.859739] cloud-init[674]: ci-info: |   1   |   10.0.2.0   | 0.0.0.0  |  255.255.255.0  |   enp0s3  |   U   |
[[0;32m  OK  [0m] Listening on UUID daemon activation socket.
[   33.860159] cloud-init[674]: ci-info: |   2   |   10.0.2.2   | 0.0.0.0  | 255.255.255.255 |   enp0s3  |   UH  |
[[   33.871069] cloud-init[674]: ci-info: |   3   | 192.168.33.0 | 0.0.0.0  |  255.255.255.0  |   enp0s8  |   U   |
[   33.871289] cloud-init[674]: ci-info: +-------+--------------+----------+-----------------+-----------+-------+
[   33.871527] cloud-init[674]: ci-info: +++++++++++++++++++Route IPv6 info+++++++++++++++++++
[   33.871846] cloud-init[674]: ci-info: +-------+-------------+---------+-----------+-------+
[   33.872086] cloud-init[674]: ci-info: | Route | Destination | Gateway | Interface | Flags |
[   33.872287] cloud-init[674]: ci-info: +-------+-------------+---------+-----------+-------+
[   33.872523] cloud-init[674]: ci-info: |   1   |  fe80::/64  |    ::   |   enp0s8  |   U   |
[   33.872752] cloud-init[674]: ci-info: |   2   |  fe80::/64  |    ::   |   enp0s3  |   U   |
[   33.872995] cloud-init[674]: ci-info: |   4   |    local    |    ::   |   enp0s3  |   U   |
[   33.873265] cloud-init[674]: ci-info: |   5   |    local    |    ::   |   enp0s8  |   U   |
[   33.873508] cloud-init[674]: ci-info: |   6   |   ff00::/8  |    ::   |   enp0s8  |   U   |
[   33.873744] cloud-init[674]: ci-info: |   7   |   ff00::/8  |    ::   |   enp0s3  |   U   |
[   33.874026] cloud-init[674]: ci-info: +-------+-------------+---------+-----------+-------+
[0;32m  OK  [0m] Started Message of the Day.
[[0;32m  OK  [0m] Reached target Timers.
[[0;32m  OK  [0m] Listening on Open-iSCSI iscsid Socket.
[[0;32m  OK  [0m] Reached target Network is Online.
[[0;32m  OK  [0m] Reached target Remote File Systems (Pre).
[[0;32m  OK  [0m] Reached target Remote File Systems.
         Starting Availability of block devices...
[[0;32m  OK  [0m] Listening on Socket activation for snappy daemon.
[[0;32m  OK  [0m] Listening on LXD - unix socket.
[[0;32m  OK  [0m] Started Availability of block devices.
[[0;32m  OK  [0m] Reached target Sockets.
[[0;32m  OK  [0m] Reached target Basic System.
         Starting Accounts Service...
         Starting Dispatcher daemon for systemd-networkd...
[[0;32m  OK  [0m] Started Deferred execution scheduler.
         Starting Login Service...
         Starting System Logging Service...
[[0;32m  OK  [0m] Started irqbalance daemon.
         Starting Permit User Sessions...
         Starting LSB: automatic crash report generation...
         Starting LSB: Record successful boot for GRUB...
[[0;32m  OK  [0m] Started FUSE filesystem for LXC.
[[0;32m  OK  [0m] Started D-Bus System Message Bus.
         Starting OpenBSD Secure Shell server...
         Starting LXD - container startup/shutdown...
[[0;32m  OK  [0m] Started Regular background program processing daemon.
         Starting Virtualbox guest utils...
         Starting Snappy daemon...
[[0;32m  OK  [0m] Started System Logging Service.
[[0;32m  OK  [0m] Started Dispatcher daemon for systemd-networkd.
[[0;32m  OK  [0m] Started Permit User Sessions.
[[0;32m  OK  [0m] Started Login Service.
[[0;32m  OK  [0m] Started OpenBSD Secure Shell server.
[[0;32m  OK  [0m] Started LXD - container startup/shutdown.
         Starting Authorization Manager...
[[0;32m  OK  [0m] Started Unattended Upgrades Shutdown.
         Starting Terminate Plymouth Boot Screen...
         Starting Hold until boot process finishes up...
[[0;32m  OK  [0m] Started Terminate Plymouth Boot Screen.
[[0;32m  OK  [0m] Started Snappy daemon.
[[0;32m  OK  [0m] Started LSB: automatic crash report generation.
[[0;32m  OK  [0m] Started LSB: Record successful boot for GRUB.
[[0;32m  OK  [0m] Started Virtualbox guest utils.
[[0;32m  OK  [0m] Started Hold until boot process finishes up.
[[0;32m  OK  [0m] Started Authorization Manager.
[[0;32m  OK  [0m] Started Accounts Service.
         Starting Set console scheme...
[[0;32m  OK  [0m] Started Serial Getty on ttyS0.
         Starting Wait until snapd is fully seeded...
[[0;32m  OK  [0m] Started Set console scheme.
[[0;32m  OK  [0m] Started Wait until snapd is fully seeded.
[[0;32m  OK  [0m] Created slice User Slice of vagrant.
         Starting Apply the settings specified in cloud-config...
[[0;32m  OK  [0m] Created slice system-getty.slice.
[[0;32m  OK  [0m] Started Getty on tty1.
[[0;32m  OK  [0m] Reached target Login Prompts.
[[0;32m  OK  [0m] Reached target Multi-User System.
[[0;32m  OK  [0m] Reached target Graphical Interface.
         Starting Update UTMP about System Runlevel Changes...
[[0;32m  OK  [0m] Started Session 1 of user vagrant.
         Starting User Manager for UID 1000...
[[0;32m  OK  [0m] Started Apply the settings specified in cloud-config.
[   35.420702] cloud-init[1104]: Cloud-init v. 19.1-1-gbaa47854-0ubuntu1~18.04.1 running 'modules:config' at Sun, 25 Aug 2019 07:16:12 +0000. Up 35.31 seconds.
[[0;32m  OK  [0m] Started Update UTMP about System Runlevel Changes.
[[0;32m  OK  [0m] Started User Manager for UID 1000.
         Starting Execute cloud user/final scripts...
[   36.132497] cloud-init[1183]: Cloud-init v. 19.1-1-gbaa47854-0ubuntu1~18.04.1 running 'modules:final' at Sun, 25 Aug 2019 07:16:13 +0000. Up 36.01 seconds.
[[0;32m  OK  [0m] Started Execute cloud user/final scripts.
[   36.249940] cloud-init[1183]: Cloud-init v. 19.1-1-gbaa47854-0ubuntu1~18.04.1 finished at Sun, 25 Aug 2019 07:16:13 +0000. Datasource DataSourceNoCloud [seed=/dev/sdb][dsmode=net].  Up 36.12 seconds
[[0;32m  OK  [0m] Reached target Cloud-init target.
         Starting Daily apt download activities...
[[0;32m  OK  [0m] Stopped Wait for Network to be Configured.
         Stopping Network Service...
[[0;32m  OK  [0m] Stopped Network Service.
         Starting Network Service...
[[0;32m  OK  [0m] Started Network Service.
         Stopping User Manager for UID 1000...
[[0;32m  OK  [0m] Stopped User Manager for UID 1000.
[[0;32m  OK  [0m] Removed slice User Slice of vagrant.

Ubuntu 18.04.2 LTS ubuntu-bionic ttyS0

ubuntu-bionic login: 